// Jest Snapshot v1, https://goo.gl/fbAQLP

exports[`Tests for Button component renders correctly 1`] = `
<button
  className="button primary   "
  type="button"
>
  Custom
</button>
`;
