// Jest Snapshot v1, https://goo.gl/fbAQLP

exports[`Tests for Header component renders correctly 1`] = `
<header
  className="mainHeader"
>
  <nav
    className="navigation"
  >
    <a
      activeClassName=""
      href="/"
      noActiveState={true}
    >
      <img
        alt="Node.js"
        className="navigationLogo light-mode-only"
        src="test-file-stub"
      />
      <img
        alt="Node.js"
        className="navigationLogo dark-mode-only"
        src="test-file-stub"
      />
    </a>
    <a
      activeClassName="activeNavigationItem"
      className="navigationItem"
      href="learn"
    >
      Learn
    </a>
    <a
      activeClassName="activeNavigationItem"
      className="navigationItem"
      href="docs"
    >
      Documentation
    </a>
    <a
      activeClassName="activeNavigationItem"
      className="navigationItem"
      href="download"
    >
      Download
    </a>
  </nav>
  <div
    className="panel"
  >
    <div
      className="navigationItem"
    >
      <button
        className="themeToggler"
        onClick={[Function]}
        onPointerDown={[Function]}
        onPointerUp={[Function]}
        title="Toggle theme"
        type="button"
      >
        <i
          className="material-icons light-mode-only"
        >
          nights_stay
        </i>
        <i
          className="material-icons dark-mode-only"
        >
          wb_sunny
        </i>
      </button>
    </div>
  </div>
</header>
`;
